
Allocating common symbols
Common symbol       size              file

i                   0x4               main.o

Memory Configuration

Name             Origin             Length             Attributes
flash            0x08000000         0x00010000         xr
sram             0x20000000         0x00005000         xrw
*default*        0x00000000         0xffffffff

Linker script and memory map


.text           0x08000000      0x13b
 *(.vectors*)
 .vectors       0x08000000       0x1c startup.o
                0x08000000                vectors
 *(.text*)
 .text          0x0800001c       0x90 main.o
                0x0800001c                main
 .text          0x080000ac       0x8c startup.o
                0x080000ac                H_Fault_handler
                0x080000ac                NMI_handler
                0x080000ac                MM_Fault_handler
                0x080000ac                Default_Handler
                0x080000ac                Usage_handler
                0x080000ac                Bus_handler
                0x080000b8                Reset_handler
 *(.rodata)
 .rodata        0x08000138        0x3 main.o
                0x08000138                const_variables
                0x0800013b                _E_text = .

.glue_7         0x0800013c        0x0
 .glue_7        0x0800013c        0x0 linker stubs

.glue_7t        0x0800013c        0x0
 .glue_7t       0x0800013c        0x0 linker stubs

.vfp11_veneer   0x0800013c        0x0
 .vfp11_veneer  0x0800013c        0x0 linker stubs

.v4_bx          0x0800013c        0x0
 .v4_bx         0x0800013c        0x0 linker stubs

.iplt           0x0800013c        0x0
 .iplt          0x0800013c        0x0 main.o

.rel.dyn        0x0800013c        0x0
 .rel.iplt      0x0800013c        0x0 main.o

.data           0x20000000        0x8 load address 0x0800013b
                0x20000000                _S_Data = .
 *(.data)
 .data          0x20000000        0x7 main.o
                0x20000000                R_ODR
                0x20000004                g_variables
 .data          0x20000007        0x0 startup.o
                0x20000008                . = ALIGN (0x4)
 *fill*         0x20000007        0x1 
                0x20000008                _E_Data = .

.igot.plt       0x20000008        0x0 load address 0x08000143
 .igot.plt      0x20000008        0x0 main.o

.bss            0x20000008     0x1004 load address 0x08000143
                0x20000008                _S_bss = .
 *(.bss*)
 .bss           0x20000008        0x0 main.o
 .bss           0x20000008        0x0 startup.o
                0x20000008                . = ALIGN (0x4)
                0x20000008                _E_bss = .
                0x20000008                . = ALIGN (0x4)
                0x20001008                . = (. + 0x1000)
 *fill*         0x20000008     0x1000 
                0x20001008                _stack_top = .
 COMMON         0x20001008        0x4 main.o
                0x20001008                i
LOAD main.o
LOAD startup.o
OUTPUT(learn-in-depth.elf elf32-littlearm)

.debug_info     0x00000000      0x312
 .debug_info    0x00000000      0x181 main.o
 .debug_info    0x00000181      0x191 startup.o

.debug_abbrev   0x00000000      0x1bd
 .debug_abbrev  0x00000000       0xe5 main.o
 .debug_abbrev  0x000000e5       0xd8 startup.o

.debug_loc      0x00000000       0xa8
 .debug_loc     0x00000000       0x2c main.o
 .debug_loc     0x0000002c       0x7c startup.o

.debug_aranges  0x00000000       0x40
 .debug_aranges
                0x00000000       0x20 main.o
 .debug_aranges
                0x00000020       0x20 startup.o

.debug_line     0x00000000      0x266
 .debug_line    0x00000000      0x12b main.o
 .debug_line    0x0000012b      0x13b startup.o

.debug_str      0x00000000      0x1cc
 .debug_str     0x00000000      0x156 main.o
                                0x193 (size before relaxing)
 .debug_str     0x00000156       0x76 startup.o
                                0x1ba (size before relaxing)

.comment        0x00000000       0x7e
 .comment       0x00000000       0x7e main.o
                                 0x7f (size before relaxing)
 .comment       0x0000007e       0x7f startup.o

.ARM.attributes
                0x00000000       0x33
 .ARM.attributes
                0x00000000       0x33 main.o
 .ARM.attributes
                0x00000033       0x33 startup.o

.debug_frame    0x00000000       0x78
 .debug_frame   0x00000000       0x28 main.o
 .debug_frame   0x00000028       0x50 startup.o
