
Memory Configuration

Name             Origin             Length             Attributes
Mem              0x00000000         0x04000000         xrw
*default*        0x00000000         0xffffffff

Linker script and memory map

                0x00010000                . = 0x10000

.startup        0x00010000       0x10
 startup.o(.text)
 .text          0x00010000       0x10 startup.o
                0x00010000                reset

.text           0x00010010       0x74
 *(.text)
 .text          0x00010010       0x20 App.o
                0x00010010                main
 .text          0x00010030       0x54 Uart.o
                0x00010030                Uart_Send_String
 *(.rodata)

.glue_7         0x00010084        0x0
 .glue_7        0x00010084        0x0 linker stubs

.glue_7t        0x00010084        0x0
 .glue_7t       0x00010084        0x0 linker stubs

.vfp11_veneer   0x00010084        0x0
 .vfp11_veneer  0x00010084        0x0 linker stubs

.v4_bx          0x00010084        0x0
 .v4_bx         0x00010084        0x0 linker stubs

.iplt           0x00010084        0x0
 .iplt          0x00010084        0x0 startup.o

.rel.dyn        0x00010084        0x0
 .rel.iplt      0x00010084        0x0 startup.o

.data           0x00010084       0x64
 *(.data)
 .data          0x00010084        0x0 startup.o
 .data          0x00010084       0x64 App.o
                0x00010084                string_buffer
 .data          0x000100e8        0x0 Uart.o

.igot.plt       0x000100e8        0x0
 .igot.plt      0x000100e8        0x0 startup.o

.bss            0x000100e8        0x0
 *.bss()
 *(comment)
 .bss           0x000100e8        0x0 startup.o
 .bss           0x000100e8        0x0 App.o
 .bss           0x000100e8        0x0 Uart.o
                0x000110e8                . = (. + 0x1000)
                0x000110e8                stack_top = .
LOAD App.o
LOAD Uart.o
LOAD startup.o
OUTPUT(learn-in-depth.elf elf32-littlearm)

.ARM.attributes
                0x00000000       0x2e
 .ARM.attributes
                0x00000000       0x22 startup.o
 .ARM.attributes
                0x00000022       0x32 App.o
 .ARM.attributes
                0x00000054       0x32 Uart.o

.comment        0x00000000       0x7e
 .comment       0x00000000       0x7e App.o
                                 0x7f (size before relaxing)
 .comment       0x0000007e       0x7f Uart.o

.debug_line     0x00000000       0xa8
 .debug_line    0x00000000       0x3a startup.o
 .debug_line    0x0000003a       0x35 App.o
 .debug_line    0x0000006f       0x39 Uart.o

.debug_info     0x00000000       0xee
 .debug_info    0x00000000       0x26 startup.o
 .debug_info    0x00000026       0x71 App.o
 .debug_info    0x00000097       0x57 Uart.o

.debug_abbrev   0x00000000       0xca
 .debug_abbrev  0x00000000       0x14 startup.o
 .debug_abbrev  0x00000014       0x65 App.o
 .debug_abbrev  0x00000079       0x51 Uart.o

.debug_aranges  0x00000000       0x60
 .debug_aranges
                0x00000000       0x20 startup.o
 .debug_aranges
                0x00000020       0x20 App.o
 .debug_aranges
                0x00000040       0x20 Uart.o

.debug_str      0x00000000       0xee
 .debug_str     0x00000000       0x39 startup.o
 .debug_str     0x00000039       0x91 App.o
                                 0xb1 (size before relaxing)
 .debug_str     0x000000ca       0x24 Uart.o
                                 0xaf (size before relaxing)

.debug_frame    0x00000000       0x5c
 .debug_frame   0x00000000       0x2c App.o
 .debug_frame   0x0000002c       0x30 Uart.o
